To honour the JVM settings for this build a single-use Daemon process will be forked. For more on this, please refer to https://docs.gradle.org/8.8/userguide/gradle_daemon.html#sec:disabling_the_daemon in the Gradle documentation.
Daemon will be stopped at the end of the build 

> Configure project :
MixinGradle did not locate the diffplug APT plugin, skipping eclipse task configuration

> Task :downloadMcpConfig
> Task :extractSrg UP-TO-DATE
> Task :createMcpToSrg UP-TO-DATE

> Task :compileJava
Note: SpongePowered MIXIN Annotation Processor Version=0.8.5 (MixinGradle Version=0.7)
Note: Supported obfuscation types: ObfuscationServiceMCP supports [notch] ObfuscationServiceFG3 supports [searge]
Note: Loading searge mappings from /home/stargest/projects/Java/NST_Revolvers_recoiled_Forge/build/createMcpToSrg/output.tsrg
Note: Writing refmap to /home/stargest/projects/Java/NST_Revolvers_recoiled_Forge/build/tmp/compileJava/compileJava-refmap.json
Note: Writing refmap to /home/stargest/projects/Java/NST_Revolvers_recoiled_Forge/build/tmp/compileJava/compileJava-refmap.json
Note: Writing searge composite mappings to /home/stargest/projects/Java/NST_Revolvers_recoiled_Forge/build/tmp/compileJava/compileJava-mappings.tsrg
Note: Writing refmap to /home/stargest/projects/Java/NST_Revolvers_recoiled_Forge/build/tmp/compileJava/compileJava-refmap.json
Note: Writing refmap to /home/stargest/projects/Java/NST_Revolvers_recoiled_Forge/build/tmp/compileJava/compileJava-refmap.json
Note: Writing searge composite mappings to /home/stargest/projects/Java/NST_Revolvers_recoiled_Forge/build/tmp/compileJava/compileJava-mappings.tsrg
/home/stargest/projects/Java/NST_Revolvers_recoiled_Forge/src/main/java/org/stargest/nst_revrecoiled/recipe/AssemblyRecipes.java:25: warning: [removal] ResourceLocation(String,String) in ResourceLocation has been deprecated and marked for removal
           new ResourceLocation(Main.MODID, "cobblestone_revolver"),
           ^
/home/stargest/projects/Java/NST_Revolvers_recoiled_Forge/src/main/java/org/stargest/nst_revrecoiled/recipe/AssemblyRecipes.java:36: warning: [removal] ResourceLocation(String,String) in ResourceLocation has been deprecated and marked for removal
            new ResourceLocation(Main.MODID, "iron_revolver"),
            ^
/home/stargest/projects/Java/NST_Revolvers_recoiled_Forge/src/main/java/org/stargest/nst_revrecoiled/recipe/AssemblyRecipes.java:47: warning: [removal] ResourceLocation(String,String) in ResourceLocation has been deprecated and marked for removal
            new ResourceLocation(Main.MODID, "golden_revolver"),
            ^
/home/stargest/projects/Java/NST_Revolvers_recoiled_Forge/src/main/java/org/stargest/nst_revrecoiled/recipe/AssemblyRecipes.java:58: warning: [removal] ResourceLocation(String,String) in ResourceLocation has been deprecated and marked for removal
            new ResourceLocation(Main.MODID, "diamond_revolver"),
            ^
/home/stargest/projects/Java/NST_Revolvers_recoiled_Forge/src/main/java/org/stargest/nst_revrecoiled/recipe/AssemblyRecipes.java:69: warning: [removal] ResourceLocation(String,String) in ResourceLocation has been deprecated and marked for removal
            new ResourceLocation(Main.MODID, "stone_bullet"),
            ^
/home/stargest/projects/Java/NST_Revolvers_recoiled_Forge/src/main/java/org/stargest/nst_revrecoiled/recipe/AssemblyRecipes.java:80: warning: [removal] ResourceLocation(String,String) in ResourceLocation has been deprecated and marked for removal
            new ResourceLocation(Main.MODID, "iron_bullet"),
            ^
/home/stargest/projects/Java/NST_Revolvers_recoiled_Forge/src/main/java/org/stargest/nst_revrecoiled/recipe/AssemblyRecipes.java:91: warning: [removal] ResourceLocation(String,String) in ResourceLocation has been deprecated and marked for removal
            new ResourceLocation(Main.MODID, "golden_bullet"),
            ^
/home/stargest/projects/Java/NST_Revolvers_recoiled_Forge/src/main/java/org/stargest/nst_revrecoiled/recipe/AssemblyRecipes.java:102: warning: [removal] ResourceLocation(String,String) in ResourceLocation has been deprecated and marked for removal
            new ResourceLocation(Main.MODID, "diamond_bullet"),
            ^
/home/stargest/projects/Java/NST_Revolvers_recoiled_Forge/src/main/java/org/stargest/nst_revrecoiled/Main.java:48: warning: [removal] get() in FMLJavaModLoadingContext has been deprecated and marked for removal
        IEventBus modEventBus = FMLJavaModLoadingContext.get().getModEventBus();
                                                        ^
/home/stargest/projects/Java/NST_Revolvers_recoiled_Forge/src/main/java/org/stargest/nst_revrecoiled/Villager/ModVillagers.java:33: warning: [removal] ResourceLocation(String,String) in ResourceLocation has been deprecated and marked for removal
                    new ResourceLocation(Main.MODID, "assembly_table_poi"));
                    ^
/home/stargest/projects/Java/NST_Revolvers_recoiled_Forge/src/main/java/org/stargest/nst_revrecoiled/Villager/ModVillagers.java:37: warning: [removal] ResourceLocation(String,String) in ResourceLocation has been deprecated and marked for removal
                    new ResourceLocation(Main.MODID, "revolvermaker"));
                    ^
/home/stargest/projects/Java/NST_Revolvers_recoiled_Forge/src/main/java/org/stargest/nst_revrecoiled/client/render/revolvers/BaseRevolverItemRenderer.java:37: warning: [removal] ResourceLocation(String,String) in ResourceLocation has been deprecated and marked for removal
            ResourceLocation modelLocation = new ResourceLocation(itemId.getNamespace(), itemId.getPath() + "_item");
                                             ^
/home/stargest/projects/Java/NST_Revolvers_recoiled_Forge/src/main/java/org/stargest/nst_revrecoiled/client/render/models/revolvers/RevolverItemModel.java:20: warning: [removal] ResourceLocation(String,String) in ResourceLocation has been deprecated and marked for removal
        return new ResourceLocation(Main.MODID, "geo/cobblestone_revolver.geo.json");
               ^
/home/stargest/projects/Java/NST_Revolvers_recoiled_Forge/src/main/java/org/stargest/nst_revrecoiled/client/render/models/revolvers/RevolverItemModel.java:25: warning: [removal] ResourceLocation(String,String) in ResourceLocation has been deprecated and marked for removal
        return new ResourceLocation(Main.MODID, "textures/item/" + animatable.getTextureName() + ".png");
               ^
/home/stargest/projects/Java/NST_Revolvers_recoiled_Forge/src/main/java/org/stargest/nst_revrecoiled/client/render/models/revolvers/RevolverItemModel.java:30: warning: [removal] ResourceLocation(String,String) in ResourceLocation has been deprecated and marked for removal
        return new ResourceLocation(Main.MODID, "animations/cobblestone_revolver.animation.json");
               ^
/home/stargest/projects/Java/NST_Revolvers_recoiled_Forge/src/main/java/org/stargest/nst_revrecoiled/client/render/entity/villager/ModVillagerRenderer.java:20: warning: [removal] ResourceLocation(String,String) in ResourceLocation has been deprecated and marked for removal
            new ResourceLocation(Main.MODID, "textures/entity/villager/revolvermaker.png");
            ^
/home/stargest/projects/Java/NST_Revolvers_recoiled_Forge/src/main/java/org/stargest/nst_revrecoiled/client/render/entity/zombie_villager/ModZombieVillagerRenderer.java:19: warning: [removal] ResourceLocation(String,String) in ResourceLocation has been deprecated and marked for removal
            new ResourceLocation(Main.MODID, "textures/entity/zombie_villager/profession/revolvermaker.png");
            ^
/home/stargest/projects/Java/NST_Revolvers_recoiled_Forge/src/main/java/org/stargest/nst_revrecoiled/util/ModItems.java:87: warning: [removal] ResourceLocation(String,String) in ResourceLocation has been deprecated and marked for removal
            new ResourceLocation(Main.MODID, "main")
            ^
/home/stargest/projects/Java/NST_Revolvers_recoiled_Forge/src/main/java/org/stargest/nst_revrecoiled/network/AssemblyCraftC2SPacket.java:40: warning: [removal] ResourceLocation(String) in ResourceLocation has been deprecated and marked for removal
            ResourceLocation recipeRes = new ResourceLocation(this.recipeId);
                                         ^
/home/stargest/projects/Java/NST_Revolvers_recoiled_Forge/src/main/java/org/stargest/nst_revrecoiled/network/PacketHandler.java:18: warning: [removal] ResourceLocation(String,String) in ResourceLocation has been deprecated and marked for removal
            new ResourceLocation(Main.MODID, "main"),
            ^
/home/stargest/projects/Java/NST_Revolvers_recoiled_Forge/src/main/java/org/stargest/nst_revrecoiled/network/AssemblyCraftBulletC2SPacket.java:45: warning: [removal] ResourceLocation(String) in ResourceLocation has been deprecated and marked for removal
            ResourceLocation recipeRes = new ResourceLocation(this.recipeId);
                                         ^
/home/stargest/projects/Java/NST_Revolvers_recoiled_Forge/src/main/java/org/stargest/nst_revrecoiled/Structures/ModStructures.java:32: warning: [removal] ResourceLocation(String) in ResourceLocation has been deprecated and marked for removal
                    new ResourceLocation("village/taiga/houses"));
                    ^
/home/stargest/projects/Java/NST_Revolvers_recoiled_Forge/src/main/java/org/stargest/nst_revrecoiled/Structures/ModStructures.java:35: warning: [removal] ResourceLocation(String,String) in ResourceLocation has been deprecated and marked for removal
            new ResourceLocation(Main.MODID, "revolvermaker_house");
            ^
Note: Some input files use or override a deprecated API.
Note: Recompile with -Xlint:deprecation for details.
Note: /home/stargest/projects/Java/NST_Revolvers_recoiled_Forge/src/main/java/org/stargest/nst_revrecoiled/Items/BaseRevolverItem.java uses unchecked or unsafe operations.
Note: Recompile with -Xlint:unchecked for details.
23 warnings

Deprecated Gradle features were used in this build, making it incompatible with Gradle 9.0.

You can use '--warning-mode all' to show the individual deprecation warnings and determine if they come from your own scripts or plugins.

For more on this, please refer to https://docs.gradle.org/8.8/userguide/command_line_interface.html#sec:command_line_warnings in the Gradle documentation.

BUILD SUCCESSFUL in 8s
4 actionable tasks: 2 executed, 2 up-to-date
